[test.log] [16:14:35] normal/normal | should print
[test.log] [16:14:35] low/normal | should also print
[test.log] [16:14:35] normal/normal | should print
